// Jest Snapshot v1, https://goo.gl/fbAQLP

exports[`matches snapshot 1`] = `
<DocumentFragment>
  <div>
    <h3>
      Shopping List
    </h3>
    <form>
      <label
        for="name"
      >
        Product Name
      </label>
      <input
        id="name"
        name="name"
        placeholder="name"
        type="text"
        value=""
      />
      <label
        for="qty"
      >
        Quantity
      </label>
      <input
        id="qty"
        name="qty"
        placeholder="qty"
        type="text"
        value=""
      />
      <button>
        Add!
      </button>
    </form>
    <div>
      <ul>
        <li>
          Product Name: Peanut Butter
        </li>
        <li>
          Quantity: 2
        </li>
      </ul>
      <ul>
        <li>
          Product Name: Jam
        </li>
        <li>
          Quantity: 1
        </li>
      </ul>
    </div>
  </div>
</DocumentFragment>
`;
